34.384 3.005 2.988 2.851
34.384 3.005 2.988 2.851
[0.6472204944310485, 1.3871603378732145, -0.09439359018208525, 0.010713058347057512]
0.6472204944310485 1.3871603378732145 -0.09439359018208525 0.010713058347057512
i is  0
[1.284740772495406, -0.25900335632697846, 0.07566095929499905, -0.0054249492446717]
1.284740772495406 -0.25900335632697846 0.07566095929499905 -0.0054249492446717
i is  1
[0.7905957119922493, -0.7863612128855125, 0.08412542068392914, -0.019608180936862462]
[1.26773455795816, -0.7368397788990686, -0.024214675358634613, -0.013004215390038158]
[0.24729913123303296, -0.5364969017616457, 0.031220846100594724, -0.016316629481812606]
[0.9721838049375431, -0.14844543250854358, -0.14415809261565188, 0.006850309853205127]
[0.9986874894938294, -1.0763926507363073, 0.3741816045281004, -0.00938370217237622]
0.9986874894938294 -1.0763926507363073 0.3741816045281004 -0.00938370217237622
i is  2
[0.6545713958057275, -0.393951825144105, -0.117320784012695, -0.0020984044644953813]
[1.1542638218268555, -0.38095062171895977, 0.5476105447375634, -0.0022059693607473056]
1.1542638218268555 -0.38095062171895977 0.5476105447375634 -0.0022059693607473056
i is  3
[1.8614991577202329, -1.292825008722366, 0.5311598065341294, -0.0006478201779243735]
1.8614991577202329 -1.292825008722366 0.5311598065341294 -0.0006478201779243735
i is  4
[0.6264492257958546, 1.1780920432816102, 0.24741905618492332, 0.013240936454073312]
0.6264492257958546 1.1780920432816102 0.24741905618492332 0.013240936454073312
i is  5
[1.5126227590312713, -0.2722626634260039, 0.27989690302314385, -0.00673217471817773]
1.5126227590312713 -0.2722626634260039 0.27989690302314385 -0.00673217471817773
i is  6
[0.26911949120363654, -0.6354255784606211, -0.005718394180003028, 0.0024217742902265076]
[0.4090277712202559, -0.26299943484809685, 0.13545375484403754, 0.013634404074434035]
0.4090277712202559 -0.26299943484809685 0.13545375484403754 0.013634404074434035
i is  7
[1.3895981576047605, 0.33145872298148005, 0.0026663187584461956, 0.009064846139134681]
1.3895981576047605 0.33145872298148005 0.0026663187584461956 0.009064846139134681
i is  8
[0.9569068851861671, 0.6406712248412707, 0.5837436570477155, -0.012735711340484764]
0.9569068851861671 0.6406712248412707 0.5837436570477155 -0.012735711340484764
i is  9
[0.37343825414057896, 0.33209228204110497, 0.17313791793221683, 0.0019733347381374056]
0.37343825414057896 0.33209228204110497 0.17313791793221683 0.0019733347381374056
i is  10
[1.7840290598115887, 1.1793308052559603, 0.287659967474979, 0.01810069595641897]
1.7840290598115887 1.1793308052559603 0.287659967474979 0.01810069595641897
i is  11
[0.5088303255020992, 1.5294013555879817, -0.16754638557225202, 0.018721816867560335]
0.5088303255020992 1.5294013555879817 -0.16754638557225202 0.018721816867560335
i is  12
[0.6355953894076647, 0.1752110885219733, -0.16544912391854663, -0.005751340963821959]
[1.679874777266455, 1.1009875653817387, -0.0025352572665933992, 0.006070626018695631]
1.679874777266455 1.1009875653817387 -0.0025352572665933992 0.006070626018695631
i is  13
[1.377832791511609, 0.7534676625546011, 0.5377353803548115, -0.0047996796637659635]
1.377832791511609 0.7534676625546011 0.5377353803548115 -0.0047996796637659635
i is  14
[0.9928215847120399, 0.4582019697555313, -0.11023681613160159, -0.0022343061126315795]
[1.2709916314060794, -1.3103856900930235, -0.16106249091056038, -0.004519264787079567]
[0.32712423440016236, 0.41022886307004747, 0.2378977844304651, 0.012840623864592709]
0.32712423440016236 0.41022886307004747 0.2378977844304651 0.012840623864592709
i is  15
[1.2137174897801457, -0.5222057313731603, -0.15271302892645597, 0.017191929058474834]
[0.8557080385063962, -0.24087795063619222, 0.2441636044010395, 0.016542039102448242]
0.8557080385063962 -0.24087795063619222 0.2441636044010395 0.016542039102448242
i is  16
[0.7377376457773166, -0.00042491402487865315, -0.06487184328297343, -0.010199648915080366]
[0.9102116406603802, -0.15390912363491038, 0.5863562886669273, -0.006939795788977188]
0.9102116406603802 -0.15390912363491038 0.5863562886669273 -0.006939795788977188
i is  17
[1.536842052961285, -1.0274509783048815, -0.02852639902711651, -0.016335804759849158]
[0.7958653914339451, -1.37974064546964, -0.14090912629898178, -0.0006808082673691249]
[1.9925516557418606, 1.511285492607739, 0.1103854727330646, 0.012945872357152177]
1.9925516557418606 1.511285492607739 0.1103854727330646 0.012945872357152177
i is  18
[1.9093456190122786, 0.319090318723785, 0.3458245306949725, -0.006613707437242091]
1.9093456190122786 0.319090318723785 0.3458245306949725 -0.006613707437242091
i is  19
[1.883667767840392, -0.6554752518246595, 0.15668894715041687, 0.017296087925889176]
1.883667767840392 -0.6554752518246595 0.15668894715041687 0.017296087925889176
i is  20
[0.617991276129846, 0.815424250092402, 0.4863365679905684, -0.002781199100948026]
0.617991276129846 0.815424250092402 0.4863365679905684 -0.002781199100948026
i is  21
[1.958097282768225, 0.9100204390681781, 0.377276100108438, -0.0076585356987249175]
1.958097282768225 0.9100204390681781 0.377276100108438 -0.0076585356987249175
i is  22
[1.0669242898773745, 1.6849517944318433, 0.5692074671102787, -0.003298304385686599]
1.0669242898773745 1.6849517944318433 0.5692074671102787 -0.003298304385686599
i is  23
[0.5365649366558024, 1.1297184425770626, 0.42407459361097893, -0.012699449556825195]
0.5365649366558024 1.1297184425770626 0.42407459361097893 -0.012699449556825195
i is  24
[1.3570032884896976, 1.3665027667959149, -0.06520475606808898, -0.008683320424239235]
[1.7478095141944636, -0.8070942886052447, 0.3290805969277671, -0.0051414783642970766]
1.7478095141944636 -0.8070942886052447 0.3290805969277671 -0.0051414783642970766
i is  25
[1.253416243409557, -1.0265985755139466, 0.43583776117905165, -0.00036500286526380127]
1.253416243409557 -1.0265985755139466 0.43583776117905165 -0.00036500286526380127
i is  26
[1.4272572365071046, 0.9616555327005636, -0.12983490739160486, -0.004957717828329029]
[1.4549903851664878, 0.3876883861139111, 0.4090850200518618, -0.008943242296156848]
1.4549903851664878 0.3876883861139111 0.4090850200518618 -0.008943242296156848
i is  27
[1.1481906016148675, 0.2930899552117665, 0.4753932012648238, 0.012679979261248666]
1.1481906016148675 0.2930899552117665 0.4753932012648238 0.012679979261248666
i is  28
[1.7704205636008048, -1.1056726384415065, 0.15839277971362614, -0.0028832247130082186]
1.7704205636008048 -1.1056726384415065 0.15839277971362614 -0.0028832247130082186
i is  29
[0.6674524650684538, 0.5799530542339424, 0.3940495922426234, 0.019939203914828365]
0.6674524650684538 0.5799530542339424 0.3940495922426234 0.019939203914828365
i is  30
[1.0853420888983973, -0.8613615858137705, 0.4851615105451697, 0.0030979287389045936]
1.0853420888983973 -0.8613615858137705 0.4851615105451697 0.0030979287389045936
i is  31
[0.6656607325717759, -1.2618552737731186, -0.15174913347951957, -0.00414883088993084]
[0.3288280547736567, 1.268706187152457, 0.21247693306755638, 0.01655872983429808]
0.3288280547736567 1.268706187152457 0.21247693306755638 0.01655872983429808
i is  32
[1.3916976200642746, -1.117480585868977, -0.18858544103691513, 0.011963278374431747]
[1.6326459421118185, 0.05594354649739475, 0.1268094499935583, -0.012822311037026496]
1.6326459421118185 0.05594354649739475 0.1268094499935583 -0.012822311037026496
i is  33
[0.9220310937817469, 1.073800403921926, -0.051150582306578235, -0.018233367987016292]
[1.9233624168383578, 0.07755799985896572, 0.2784201152552594, 0.01724019809437501]
1.9233624168383578 0.07755799985896572 0.2784201152552594 0.01724019809437501
i is  34
[1.297126982561977, 1.363087487960811, 0.37449031339194067, -0.0022168523619000707]
1.297126982561977 1.363087487960811 0.37449031339194067 -0.0022168523619000707
i is  35
[1.5326538435296475, 0.5315818357184732, 0.2151188420593414, 0.012074487898037809]
1.5326538435296475 0.5315818357184732 0.2151188420593414 0.012074487898037809
i is  36
[0.4708949224916028, -0.9856726132141174, -0.10182761523141624, 0.004995751101135048]
[0.9678507025484469, -1.391094750492789, -0.008495419468472848, 0.003998081219796248]
[0.3276036253254023, 0.5030489876425888, -0.16261297871189193, -0.00198586233250456]